// Jest Snapshot v1, https://goo.gl/fbAQLP

exports[`Missions page tests it renders 1`] = `
<table
  className="table table-striped table-bordered table-hover"
>
  <thead>
    <tr>
      <th>
        Missions
      </th>
      <th>
        Description
      </th>
      <th>
        Status
      </th>
      <th>
        Join/Leave
      </th>
    </tr>
  </thead>
  <tbody />
</table>
`;
